c:\users\mikaj\source\repos\sentinel\sentinel\sentinel\x64\release\vc145.pdb
c:\users\mikaj\source\repos\sentinel\sentinel\sentinel\x64\release\adam.obj
c:\users\mikaj\source\repos\sentinel\sentinel\sentinel\x64\release\sequential.obj
c:\users\mikaj\source\repos\sentinel\sentinel\sentinel\x64\release\languagemodel.obj
c:\users\mikaj\source\repos\sentinel\sentinel\sentinel\x64\release\matrix.obj
c:\users\mikaj\source\repos\sentinel\sentinel\sentinel\x64\release\main.obj
c:\users\mikaj\source\repos\sentinel\sentinel\sentinel\x64\release\mse.obj
c:\users\mikaj\source\repos\sentinel\sentinel\sentinel\x64\release\crossentropy.obj
c:\users\mikaj\source\repos\sentinel\sentinel\sentinel\x64\release\meanpool.obj
c:\users\mikaj\source\repos\sentinel\sentinel\sentinel\x64\release\embedding.obj
c:\users\mikaj\source\repos\sentinel\sentinel\sentinel\x64\release\causalselfattention.obj
c:\users\mikaj\source\repos\sentinel\sentinel\sentinel\x64\release\dropout.obj
c:\users\mikaj\source\repos\sentinel\sentinel\sentinel\x64\release\dense.obj
c:\users\mikaj\source\repos\sentinel\sentinel\sentinel\x64\release\textutil.obj
c:\users\mikaj\source\repos\sentinel\sentinel\sentinel\x64\release\uniforminit.obj
c:\users\mikaj\source\repos\sentinel\sentinel\sentinel\x64\release\languagemodeldataset.obj
c:\users\mikaj\source\repos\sentinel\sentinel\sentinel\x64\release\jsonlloader.obj
c:\users\mikaj\source\repos\sentinel\sentinel\sentinel\x64\release\datasetsplit.obj
c:\users\mikaj\source\repos\sentinel\sentinel\sentinel\x64\release\classificationdataset.obj
c:\users\mikaj\source\repos\sentinel\sentinel\sentinel\x64\release\softmax.obj
c:\users\mikaj\source\repos\sentinel\sentinel\sentinel\x64\release\relu.obj
c:\users\mikaj\source\repos\sentinel\sentinel\sentinel\x64\release\bpetokenizer.obj
c:\users\mikaj\source\repos\sentinel\sentinel\sentinel\x64\release\sgd.obj
c:\users\mikaj\source\repos\sentinel\sentinel\x64\release\sentinel.exe
c:\users\mikaj\source\repos\sentinel\sentinel\x64\release\sentinel.pdb
c:\users\mikaj\source\repos\sentinel\sentinel\sentinel\x64\release\sentinel.ipdb
c:\users\mikaj\source\repos\sentinel\sentinel\sentinel\x64\release\sentinel.iobj
c:\users\mikaj\source\repos\sentinel\sentinel\sentinel\x64\release\sentinel.tlog\cl.command.1.tlog
c:\users\mikaj\source\repos\sentinel\sentinel\sentinel\x64\release\sentinel.tlog\cl.items.tlog
c:\users\mikaj\source\repos\sentinel\sentinel\sentinel\x64\release\sentinel.tlog\cl.read.1.tlog
c:\users\mikaj\source\repos\sentinel\sentinel\sentinel\x64\release\sentinel.tlog\cl.write.1.tlog
c:\users\mikaj\source\repos\sentinel\sentinel\sentinel\x64\release\sentinel.tlog\link.command.1.tlog
c:\users\mikaj\source\repos\sentinel\sentinel\sentinel\x64\release\sentinel.tlog\link.read.1.tlog
c:\users\mikaj\source\repos\sentinel\sentinel\sentinel\x64\release\sentinel.tlog\link.secondary.1.tlog
c:\users\mikaj\source\repos\sentinel\sentinel\sentinel\x64\release\sentinel.tlog\link.write.1.tlog
