  Compiling CUDA source file NeuralNet\Cuda\CudaCausalSelfAttention.cu...
  Compiling CUDA source file NeuralNet\Cuda\CudaLanguageModel.cu...
  Compiling CUDA source file NeuralNet\Cuda\CudaTransformerBlock.cu...
  Compiling CUDA source file NeuralNet\Cuda\CudaFlashAttention.cu...
  
  C:\Users\mikaj\source\repos\sentinel\sentinel>"C:\Program Files\NVIDIA GPU Computing Toolkit\CUDA\v13.3\bin\nvcc.exe" -gencode=arch=compute_120,code=\"sm_120,compute_120\" --use-local-env -ccbin "C:\Program Files\Microsoft Visual Studio\18\Community\VC\Tools\MSVC\14.51.36231\bin\HostX64\x64" -x cu   -I"C:\Program Files\NVIDIA GPU Computing Toolkit\CUDA\v13.3\include" -I"C:\Program Files\NVIDIA GPU Computing Toolkit\CUDA\v13.3\include"     --keep-dir x64\Release  -maxrregcount=0     --machine 64 --compile -cudart hybrid    -DNDEBUG -D_CONSOLE -D_UNICODE -DUNICODE -Xcompiler "/EHsc /W3 /nologo /O2 /FS   /MD " -Xcompiler "/Fdx64\Release\vc145.pdb" -o C:\Users\mikaj\source\repos\sentinel\sentinel\x64\Release\CudaCausalSelfAttention.cu.obj "C:\Users\mikaj\source\repos\sentinel\sentinel\NeuralNet\Cuda\CudaCausalSelfAttention.cu" 
  
  C:\Users\mikaj\source\repos\sentinel\sentinel>"C:\Program Files\NVIDIA GPU Computing Toolkit\CUDA\v13.3\bin\nvcc.exe" -gencode=arch=compute_120,code=\"sm_120,compute_120\" --use-local-env -ccbin "C:\Program Files\Microsoft Visual Studio\18\Community\VC\Tools\MSVC\14.51.36231\bin\HostX64\x64" -x cu   -I"C:\Program Files\NVIDIA GPU Computing Toolkit\CUDA\v13.3\include" -I"C:\Program Files\NVIDIA GPU Computing Toolkit\CUDA\v13.3\include"     --keep-dir x64\Release  -maxrregcount=0     --machine 64 --compile -cudart hybrid    -DNDEBUG -D_CONSOLE -D_UNICODE -DUNICODE -Xcompiler "/EHsc /W3 /nologo /O2 /FS   /MD " -Xcompiler "/Fdx64\Release\vc145.pdb" -o C:\Users\mikaj\source\repos\sentinel\sentinel\x64\Release\CudaLanguageModel.cu.obj "C:\Users\mikaj\source\repos\sentinel\sentinel\NeuralNet\Cuda\CudaLanguageModel.cu" 
  
  C:\Users\mikaj\source\repos\sentinel\sentinel>"C:\Program Files\NVIDIA GPU Computing Toolkit\CUDA\v13.3\bin\nvcc.exe" -gencode=arch=compute_120,code=\"sm_120,compute_120\" --use-local-env -ccbin "C:\Program Files\Microsoft Visual Studio\18\Community\VC\Tools\MSVC\14.51.36231\bin\HostX64\x64" -x cu   -I"C:\Program Files\NVIDIA GPU Computing Toolkit\CUDA\v13.3\include" -I"C:\Program Files\NVIDIA GPU Computing Toolkit\CUDA\v13.3\include"     --keep-dir x64\Release  -maxrregcount=0     --machine 64 --compile -cudart hybrid    -DNDEBUG -D_CONSOLE -D_UNICODE -DUNICODE -Xcompiler "/EHsc /W3 /nologo /O2 /FS   /MD " -Xcompiler "/Fdx64\Release\vc145.pdb" -o C:\Users\mikaj\source\repos\sentinel\sentinel\x64\Release\CudaTransformerBlock.cu.obj "C:\Users\mikaj\source\repos\sentinel\sentinel\NeuralNet\Cuda\CudaTransformerBlock.cu" 
  
  C:\Users\mikaj\source\repos\sentinel\sentinel>"C:\Program Files\NVIDIA GPU Computing Toolkit\CUDA\v13.3\bin\nvcc.exe" -gencode=arch=compute_120,code=\"sm_120,compute_120\" --use-local-env -ccbin "C:\Program Files\Microsoft Visual Studio\18\Community\VC\Tools\MSVC\14.51.36231\bin\HostX64\x64" -x cu   -I"C:\Program Files\NVIDIA GPU Computing Toolkit\CUDA\v13.3\include" -I"C:\Program Files\NVIDIA GPU Computing Toolkit\CUDA\v13.3\include"     --keep-dir x64\Release  -maxrregcount=0     --machine 64 --compile -cudart hybrid    -DNDEBUG -D_CONSOLE -D_UNICODE -DUNICODE -Xcompiler "/EHsc /W3 /nologo /O2 /FS   /MD " -Xcompiler "/Fdx64\Release\vc145.pdb" -o C:\Users\mikaj\source\repos\sentinel\sentinel\x64\Release\CudaFlashAttention.cu.obj "C:\Users\mikaj\source\repos\sentinel\sentinel\NeuralNet\Cuda\CudaFlashAttention.cu" 
  CudaTransformerBlock.cu
  CudaCausalSelfAttention.cu
  tmpxft_000095f4_00000000-7_CudaTransformerBlock.cudafe1.cpp
  CudaLanguageModel.cu
  tmpxft_00008f04_00000000-7_CudaCausalSelfAttention.cudafe1.cpp
  tmpxft_00008bac_00000000-7_CudaLanguageModel.cudafe1.cpp
  CudaFlashAttention.cu
  tmpxft_00009550_00000000-7_CudaFlashAttention.cudafe1.cpp
  LanguageModel.cpp
  main.cpp
  Code wird generiert.
  Previous IPDB and IOBJ mismatch, fall back to full compilation.
  All 1837 functions were compiled because no usable IPDB/IOBJ from previous compilation was found.
  Codegenerierung ist abgeschlossen.
  sentinel.vcxproj -> C:\Users\mikaj\source\repos\sentinel\x64\Release\sentinel.exe
